1790821706570 c2s tag=1 Tinit winsize="" label="acme" (18B)
1790821706601 s2c tag=1 Rinit (6B)
1790821706601 c2s tag=1 Twrdraw data=4a49 (12B)
1790821706601 s2c tag=1 Rwrdraw count=2 (10B)
1790821706601 c2s tag=1 Trddraw count=145 (10B)
1790821706601 s2c tag=1 Rrddraw data=20202020202020202020312020202020... (154B)
1790821706601 c2s tag=1 Twrdraw data=710164 (13B)
1790821706601 s2c tag=1 Rwrdraw count=3 (10B)
1790821706601 c2s tag=1 Trddraw count=12 (10B)
1790821706601 s2c tag=1 Rrddraw data=202020202020202031393220 (22B)
1790821706601 c2s tag=1 Twrdraw data=62010000000000000000310000000100... (61B)
1790821706601 s2c tag=1 Rwrdraw count=51 (10B)
1790821706601 s2c tag=1 Rwrdraw count=51 (10B)
1790821706601 c2s tag=1 Twrdraw data=62020000000000000000310000000100... (61B)
1790821706605 c2s tag=1 Twrdraw data=4101000000000000000100000000 (24B)
1790821706605 s2c tag=1 Rwrdraw count=14 (10B)
1790821706607 c2s tag=1 Twrdraw data=62030000000100000001281808680000... (61B)
1790821706610 c2s tag=1 Twrdraw data=64030000000100000001000000000000... (56B)
1790821706612 s2c tag=1 Rwrdraw count=51 (10B)
1790821706613 c2s tag=1 Twrdraw data=62040000000000000000380000000100... (61B)
1790821706613 s2c tag=1 Rwrdraw count=46 (10B)
1790821706613 c2s tag=1 Twrdraw data=62050000000000000000281808680100... (61B)
1790821706613 s2c tag=1 Rwrdraw count=51 (10B)
1790821706613 c2s tag=1 Twrdraw data=62060000000000000000281808680100... (61B)
1790821706613 s2c tag=1 Rwrdraw count=51 (10B)
1790821706613 c2s tag=1 Twrdraw data=64060000000500000004000000000000... (55B)
1790821706613 s2c tag=1 Rwrdraw count=51 (10B)
1790821706613 c2s tag=1 Twrdraw data=6605000000 (15B)
1790821706613 s2c tag=1 Rwrdraw count=45 (10B)
1790821706613 c2s tag=1 Twrdraw data=62070000000000000000281808680100... (61B)
1790821706613 s2c tag=1 Rwrdraw count=5 (10B)
1790821706613 c2s tag=1 Twrdraw data=62080000000000000000281808680100... (61B)
1790821706613 s2c tag=1 Rwrdraw count=51 (10B)
1790821706613 c2s tag=1 Twrdraw data=62090000000000000000281808680100... (61B)
1790821706613 s2c tag=1 Rwrdraw count=51 (10B)
1790821706613 c2s tag=1 Twrdraw data=620a0000000000000000281808680100... (61B)
1790821706613 s2c tag=1 Rwrdraw count=51 (10B)
1790821706613 s2c tag=1 Rwrdraw count=51 (10B)
1790821706613 s2c tag=1 Rwrdraw count=45 (10B)
1790821706613 c2s tag=1 Twrdraw data=640a0000000900000004000000000000... (55B)
1790821706613 c2s tag=1 Twrdraw data=6609000000 (15B)
1790821706613 s2c tag=1 Rwrdraw count=5 (10B)
1790821706613 c2s tag=1 Twrdraw data=620b0000000000000000281808680100... (61B)
1790821706614 s2c tag=1 Rwrdraw count=51 (10B)
1790821706614 s2c tag=1 Rwrdraw count=51 (10B)
1790821706614 c2s tag=1 Twrdraw data=620c0000000000000000281808680100... (61B)
1790821706614 c2s tag=1 Twrdraw data=620d0000000000000000281808680000... (61B)
1790821706614 s2c tag=1 Rwrdraw count=51 (10B)
1790821706614 c2s tag=1 Twrdraw data=640d0000000600000001000000000000... (235B)
1790821706614 s2c tag=1 Rwrdraw count=225 (10B)
1790821706614 c2s tag=1 Twrdraw data=620e0000000000000000281808680000... (61B)
1790821706614 s2c tag=1 Rwrdraw count=51 (10B)
1790821706614 c2s tag=1 Twrdraw data=640e0000000600000001000000000000... (235B)
1790821706614 s2c tag=1 Rwrdraw count=225 (10B)
1790821706614 c2s tag=1 Twrdraw data=620f0000000000000000281808680100... (61B)
1790821706614 s2c tag=1 Rwrdraw count=51 (10B)
1790821706614 c2s tag=1 Twrdraw data=640e0000000f00000001000000030000... (55B)
1790821706614 s2c tag=1 Rwrdraw count=45 (10B)
1790821706614 c2s tag=1 Twrdraw data=660f000000 (15B)
1790821706614 s2c tag=1 Rwrdraw count=5 (10B)
1790821706614 c2s tag=1 Twrdraw data=62100000000000000000281808680000... (61B)
1790821706614 s2c tag=1 Rwrdraw count=51 (10B)
1790821706614 c2s tag=1 Twrdraw data=62110000000000000000281808680100... (61B)
1790821706614 s2c tag=1 Rwrdraw count=51 (10B)
1790821706614 s2c tag=1 Rwrdraw count=51 (10B)
1790821706615 c2s tag=1 Twrdraw data=62120000000000000000281808680100... (61B)
1790821706615 c2s tag=1 Trdkbd4 (6B)
1790821706615 c2s tag=2 Trdmouse (6B)
